2026/08/04 22:59:41 已加载配置文件: /home/wyc/projects/probig-hrsys-pro/server/dist/config.yaml
probig 2026/08/04 22:59:41 数据库路径: /home/wyc/projects/probig-hrsys-pro/server/dist/data/probig.db
probig 2026/08/04 22:59:41 文件存储路径: /home/wyc/projects/probig-hrsys-pro/server/dist/data/uploads

2026/08/04 22:59:42 [31;1mprobig/server/internal/service/auth_service.go:214 [35;1mrecord not found
[0m[33m[0.235ms] [34;1m[rows:0][0m SELECT * FROM `roles` WHERE (name = "超级管理员" AND is_default = true) AND `roles`.`deleted_at` IS NULL ORDER BY `roles`.`id` LIMIT 1

2026/08/04 22:59:43 [31;1mprobig/server/internal/service/auth_service.go:263 [35;1mrecord not found
[0m[33m[0.262ms] [34;1m[rows:0][0m SELECT * FROM `users` WHERE username = "admin" AND `users`.`deleted_at` IS NULL ORDER BY `users`.`id` LIMIT 1
probig 2026/08/04 22:59:43 系统初始化完成
[GIN-debug] [WARNING] Running in "debug" mode. Switch to "release" mode in production.
 - using env:	export GIN_MODE=release
 - using code:	gin.SetMode(gin.ReleaseMode)

[GIN-debug] GET    /api/health               --> probig/server/internal/handler.Health (5 handlers)
[GIN-debug] POST   /api/auth/login           --> probig/server/internal/handler.AuthLogin (5 handlers)
[GIN-debug] POST   /api/auth/logout          --> probig/server/internal/handler.AuthLogout (6 handlers)
[GIN-debug] POST   /api/auth/change-password --> probig/server/internal/handler.AuthChangePassword (6 handlers)
[GIN-debug] GET    /api/auth/me              --> probig/server/internal/handler.AuthMe (6 handlers)
[GIN-debug] GET    /api/users                --> probig/server/internal/handler.GetUsers (7 handlers)
[GIN-debug] POST   /api/users                --> probig/server/internal/handler.CreateUser (7 handlers)
[GIN-debug] PUT    /api/users/:id            --> probig/server/internal/handler.UpdateUser (7 handlers)
[GIN-debug] DELETE /api/users/:id            --> probig/server/internal/handler.DeleteUser (7 handlers)
[GIN-debug] POST   /api/users/:id/reset-password --> probig/server/internal/handler.ResetUserPassword (7 handlers)
[GIN-debug] POST   /api/users/:id/assign-roles --> probig/server/internal/handler.AssignUserRoles (7 handlers)
[GIN-debug] GET    /api/users/trash          --> probig/server/internal/handler.GetDeletedUsers (7 handlers)
[GIN-debug] GET    /api/users/:id            --> probig/server/internal/handler.GetUserByID (7 handlers)
[GIN-debug] POST   /api/users/:id/restore    --> probig/server/internal/handler.RestoreUser (7 handlers)
[GIN-debug] GET    /api/roles                --> probig/server/internal/handler.GetRoles (7 handlers)
[GIN-debug] GET    /api/roles/all            --> probig/server/internal/handler.GetAllRolesList (7 handlers)
[GIN-debug] POST   /api/roles                --> probig/server/internal/handler.CreateRole (7 handlers)
[GIN-debug] PUT    /api/roles/:id            --> probig/server/internal/handler.UpdateRole (7 handlers)
[GIN-debug] DELETE /api/roles/:id            --> probig/server/internal/handler.DeleteRole (7 handlers)
[GIN-debug] GET    /api/roles/trash          --> probig/server/internal/handler.GetDeletedRoles (7 handlers)
[GIN-debug] GET    /api/roles/:id            --> probig/server/internal/handler.GetRoleByID (7 handlers)
[GIN-debug] POST   /api/roles/:id/restore    --> probig/server/internal/handler.RestoreRole (7 handlers)
[GIN-debug] POST   /api/roles/:id/assign-permissions --> probig/server/internal/handler.AssignRolePermissions (7 handlers)
[GIN-debug] GET    /api/roles/:id/permissions --> probig/server/internal/handler.GetRolePermissions (7 handlers)
[GIN-debug] GET    /api/permissions          --> probig/server/internal/handler.GetPermissions (6 handlers)
[GIN-debug] GET    /api/persons              --> probig/server/internal/handler.GetPersons (7 handlers)
[GIN-debug] GET    /api/persons/all          --> probig/server/internal/handler.GetAllPersonsList (7 handlers)
[GIN-debug] GET    /api/persons/cards        --> probig/server/internal/handler.GetPersonCards (7 handlers)
[GIN-debug] GET    /api/persons/export       --> probig/server/internal/handler.ExportPersons (7 handlers)
[GIN-debug] GET    /api/persons/trash        --> probig/server/internal/handler.GetDeletedPersons (7 handlers)
[GIN-debug] GET    /api/persons/:id          --> probig/server/internal/handler.GetPersonByID (7 handlers)
[GIN-debug] POST   /api/persons/profile      --> probig/server/internal/handler.UpsertPersonProfile (7 handlers)
[GIN-debug] DELETE /api/persons/:id          --> probig/server/internal/handler.DeletePerson (7 handlers)
[GIN-debug] POST   /api/persons/:id/restore  --> probig/server/internal/handler.RestorePerson (7 handlers)
[GIN-debug] GET    /api/persons/:id/current-position --> probig/server/internal/handler.GetPersonCurrentPosition (7 handlers)
[GIN-debug] GET    /api/persons/:id/position-history --> probig/server/internal/handler.GetPersonPositionHistory (7 handlers)
[GIN-debug] GET    /api/companies            --> probig/server/internal/handler.GetCompanies (7 handlers)
[GIN-debug] GET    /api/companies/all        --> probig/server/internal/handler.GetAllCompaniesList (7 handlers)
[GIN-debug] GET    /api/companies/export     --> probig/server/internal/handler.ExportCompanies (7 handlers)
[GIN-debug] GET    /api/companies/trash      --> probig/server/internal/handler.GetDeletedCompanies (7 handlers)
[GIN-debug] GET    /api/companies/:id        --> probig/server/internal/handler.GetCompanyByID (7 handlers)
[GIN-debug] POST   /api/companies            --> probig/server/internal/handler.CreateCompany (7 handlers)
[GIN-debug] PUT    /api/companies/:id        --> probig/server/internal/handler.UpdateCompany (7 handlers)
[GIN-debug] DELETE /api/companies/:id        --> probig/server/internal/handler.DeleteCompany (7 handlers)
[GIN-debug] POST   /api/companies/:id/restore --> probig/server/internal/handler.RestoreCompany (7 handlers)
[GIN-debug] POST   /api/files/upload         --> probig/server/internal/handler.UploadFile (7 handlers)
[GIN-debug] GET    /api/files/:id/download   --> probig/server/internal/handler.DownloadFile (7 handlers)
[GIN-debug] POST   /api/files/associate      --> probig/server/internal/handler.AssociateFile (7 handlers)
[GIN-debug] POST   /api/files/disassociate   --> probig/server/internal/handler.DisassociateFile (7 handlers)
[GIN-debug] GET    /api/files/by-target      --> probig/server/internal/handler.GetFilesByTarget (7 handlers)
[GIN-debug] GET    /api/files                --> probig/server/internal/handler.GetFiles (7 handlers)
[GIN-debug] GET    /api/files/trash          --> probig/server/internal/handler.GetDeletedFiles (7 handlers)
[GIN-debug] DELETE /api/files/:id            --> probig/server/internal/handler.DeleteFile (7 handlers)
[GIN-debug] POST   /api/files/:id/restore    --> probig/server/internal/handler.RestoreFile (7 handlers)
[GIN-debug] GET    /api/files/:id/associations --> probig/server/internal/handler.GetFileAssociations (7 handlers)
[GIN-debug] DELETE /api/files/:id/permanent  --> probig/server/internal/handler.PermanentDeleteFile (7 handlers)
[GIN-debug] POST   /api/files/clean-orphans  --> probig/server/internal/handler.CleanOrphanFiles (7 handlers)
[GIN-debug] GET    /api/position-events      --> probig/server/internal/handler.GetPositionEvents (7 handlers)
[GIN-debug] GET    /api/position-events/badges --> probig/server/internal/handler.GetPositionEventBadges (7 handlers)
[GIN-debug] GET    /api/position-events/export --> probig/server/internal/handler.ExportPositionEvents (7 handlers)
[GIN-debug] GET    /api/position-events/trash --> probig/server/internal/handler.GetDeletedPositionEvents (7 handlers)
[GIN-debug] GET    /api/position-events/:id  --> probig/server/internal/handler.GetPositionEventByID (7 handlers)
[GIN-debug] POST   /api/position-events      --> probig/server/internal/handler.CreatePositionEvent (7 handlers)
[GIN-debug] PUT    /api/position-events/:id  --> probig/server/internal/handler.UpdatePositionEvent (7 handlers)
[GIN-debug] DELETE /api/position-events/:id  --> probig/server/internal/handler.DeletePositionEvent (7 handlers)
[GIN-debug] POST   /api/position-events/:id/restore --> probig/server/internal/handler.RestorePositionEvent (7 handlers)
[GIN-debug] GET    /api/attendance-events    --> probig/server/internal/handler.GetAttendanceEvents (7 handlers)
[GIN-debug] GET    /api/attendance-events/badges --> probig/server/internal/handler.GetAttendanceEventBadges (7 handlers)
[GIN-debug] GET    /api/attendance-events/export --> probig/server/internal/handler.ExportAttendanceEvents (7 handlers)
[GIN-debug] GET    /api/attendance-events/trash --> probig/server/internal/handler.GetDeletedAttendanceEvents (7 handlers)
[GIN-debug] GET    /api/attendance-events/pending --> probig/server/internal/handler.GetPendingDailyList (7 handlers)
[GIN-debug] GET    /api/attendance-events/:id --> probig/server/internal/handler.GetAttendanceEventByID (7 handlers)
[GIN-debug] POST   /api/attendance-events    --> probig/server/internal/handler.CreateAttendanceEvent (7 handlers)
[GIN-debug] POST   /api/attendance-events/batch --> probig/server/internal/handler.CreateBatchAttendanceEvents (7 handlers)
[GIN-debug] POST   /api/attendance-events/:id/confirm --> probig/server/internal/handler.ConfirmAttendanceDaily (7 handlers)
[GIN-debug] POST   /api/attendance-events/import-dingtalk/preview --> probig/server/internal/handler.DingTalkPreview (7 handlers)
[GIN-debug] POST   /api/attendance-events/import-dingtalk/execute --> probig/server/internal/handler.DingTalkExecute (7 handlers)
[GIN-debug] DELETE /api/attendance-events/:id --> probig/server/internal/handler.DeleteAttendanceEvent (7 handlers)
[GIN-debug] POST   /api/attendance-events/:id/restore --> probig/server/internal/handler.RestoreAttendanceEvent (7 handlers)
[GIN-debug] GET    /api/attendance-daily     --> probig/server/internal/handler.GetDailyProjections (7 handlers)
[GIN-debug] GET    /api/attendance-daily/badges --> probig/server/internal/handler.GetDailyProjectionBadges (7 handlers)
[GIN-debug] GET    /api/attendance-daily/export --> probig/server/internal/handler.ExportDailyProjections (7 handlers)
[GIN-debug] GET    /api/attendance-daily/:personId/:date/events --> probig/server/internal/handler.GetEventsByPersonDate (7 handlers)
[GIN-debug] GET    /api/attendance-monthly   --> probig/server/internal/handler.GetMonthlyList (7 handlers)
[GIN-debug] GET    /api/attendance-monthly/badges --> probig/server/internal/handler.GetAttendanceMonthlyBadges (7 handlers)
[GIN-debug] GET    /api/attendance-monthly/export --> probig/server/internal/handler.ExportAttendanceMonthly (7 handlers)
[GIN-debug] POST   /api/attendance-monthly/calculate --> probig/server/internal/handler.CalculateMonthly (7 handlers)
[GIN-debug] GET    /api/annual-leave-events  --> probig/server/internal/handler.GetAnnualLeaveEvents (7 handlers)
[GIN-debug] GET    /api/annual-leave-events/badges --> probig/server/internal/handler.GetAnnualLeaveEventBadges (7 handlers)
[GIN-debug] GET    /api/annual-leave-events/export --> probig/server/internal/handler.ExportAnnualLeaveEvents (7 handlers)
[GIN-debug] GET    /api/annual-leave-events/trash --> probig/server/internal/handler.GetDeletedAnnualLeaveEvents (7 handlers)
[GIN-debug] GET    /api/annual-leave-events/:id --> probig/server/internal/handler.GetAnnualLeaveEventByID (7 handlers)
[GIN-debug] POST   /api/annual-leave-events  --> probig/server/internal/handler.CreateAnnualLeaveEvent (7 handlers)
[GIN-debug] PUT    /api/annual-leave-events/:id --> probig/server/internal/handler.UpdateAnnualLeaveEvent (7 handlers)
[GIN-debug] DELETE /api/annual-leave-events/:id --> probig/server/internal/handler.DeleteAnnualLeaveEvent (7 handlers)
[GIN-debug] POST   /api/annual-leave-events/:id/restore --> probig/server/internal/handler.RestoreAnnualLeaveEvent (7 handlers)
[GIN-debug] GET    /api/persons/:id/annual-leave-balance --> probig/server/internal/handler.GetPersonAnnualLeaveBalance (7 handlers)
[GIN-debug] GET    /api/persons/:id/annual-leave-balance-history --> probig/server/internal/handler.GetPersonAnnualLeaveHistory (7 handlers)
[GIN-debug] GET    /api/persons/:id/annual-leave-balance-detail --> probig/server/internal/handler.GetALBalanceDetail (7 handlers)
[GIN-debug] GET    /api/persons/:id/lil-balance --> probig/server/internal/handler.GetPersonLILBalance (7 handlers)
[GIN-debug] GET    /api/persons/:id/lil-balance-history --> probig/server/internal/handler.GetPersonLILHistory (7 handlers)
[GIN-debug] GET    /api/persons/:id/lil-balance-detail --> probig/server/internal/handler.GetLILBalanceDetail (7 handlers)
[GIN-debug] GET    /api/lil-events           --> probig/server/internal/handler.GetLILEvents (7 handlers)
[GIN-debug] GET    /api/annual-leave-balances --> probig/server/internal/handler.GetAllALBalances (7 handlers)
[GIN-debug] GET    /api/lil-balances         --> probig/server/internal/handler.GetAllLILBalances (7 handlers)
[GIN-debug] POST   /api/annual-leave-carryover --> probig/server/internal/handler.ExecuteAnnualLeaveCarryover (7 handlers)
[GIN-debug] POST   /api/annual-leave-carryover/:batchId/cancel --> probig/server/internal/handler.CancelCarryover (7 handlers)
[GIN-debug] GET    /api/annual-leave-carryover/batches --> probig/server/internal/handler.GetCarryoverBatches (7 handlers)
[GIN-debug] GET    /api/annual-leave-carryover/batches/:batchId/events --> probig/server/internal/handler.GetBatchEvents (7 handlers)
[GIN-debug] GET    /api/salary-events        --> probig/server/internal/handler.GetSalaryEvents (7 handlers)
[GIN-debug] GET    /api/salary-events/advance-balances --> probig/server/internal/handler.GetSalaryAdvanceBalances (7 handlers)
[GIN-debug] GET    /api/salary-events/export --> probig/server/internal/handler.ExportSalaryEvents (7 handlers)
[GIN-debug] GET    /api/salary-events/trash  --> probig/server/internal/handler.GetDeletedSalaryEvents (7 handlers)
[GIN-debug] GET    /api/salary-events/:id    --> probig/server/internal/handler.GetSalaryEventByID (7 handlers)
[GIN-debug] POST   /api/salary-events        --> probig/server/internal/handler.CreateSalaryEvent (7 handlers)
[GIN-debug] PUT    /api/salary-events/:id    --> probig/server/internal/handler.UpdateSalaryEvent (7 handlers)
[GIN-debug] DELETE /api/salary-events/:id    --> probig/server/internal/handler.DeleteSalaryEvent (7 handlers)
[GIN-debug] POST   /api/salary-events/:id/restore --> probig/server/internal/handler.RestoreSalaryEvent (7 handlers)
[GIN-debug] GET    /api/salary-summaries     --> probig/server/internal/handler.GetSalarySummaries (7 handlers)
[GIN-debug] GET    /api/salary-summaries/badges --> probig/server/internal/handler.GetSalarySummariesBadges (7 handlers)
[GIN-debug] POST   /api/salary-summaries/calculate --> probig/server/internal/handler.CalculateSalarySummaries (7 handlers)
[GIN-debug] GET    /api/salary-summaries/export --> probig/server/internal/handler.ExportSalarySummaries (7 handlers)
[GIN-debug] GET    /api/salary-summaries/:personId/:month/versions --> probig/server/internal/handler.GetSalaryVersions (7 handlers)
[GIN-debug] GET    /api/salary-summaries/:personId/:month/trace --> probig/server/internal/handler.GetSalaryTrace (7 handlers)
[GIN-debug] GET    /api/salary-summaries/versions/:vid --> probig/server/internal/handler.GetSalaryVersionDetail (7 handlers)
[GIN-debug] GET    /api/audit-logs           --> probig/server/internal/handler.GetAuditLogs (7 handlers)
[GIN-debug] GET    /api/audit-logs/export    --> probig/server/internal/handler.ExportAuditLogs (7 handlers)
[GIN-debug] GET    /api/audit-logs/:id       --> probig/server/internal/handler.GetAuditLogDetail (7 handlers)
[GIN-debug] GET    /api/system-configs       --> probig/server/internal/handler.GetSystemConfigs (7 handlers)
[GIN-debug] PUT    /api/system-configs/:key  --> probig/server/internal/handler.UpdateSystemConfig (7 handlers)
probig 2026/08/04 22:59:43 服务启动在 http://localhost:8080
[GIN] 2026/08/04 - 22:59:44 | 200 | 56.189µs |             ::1 | GET      "/api/health"
probig 2026/08/04 22:59:44 收到退出信号，正在优雅关闭...
probig 2026/08/04 22:59:44 服务已退出
